../Core/Src/tim.c:33:6:MX_TIM2_Init	48	static
../Core/Src/tim.c:77:6:MX_TIM3_Init	48	static
../Core/Src/tim.c:125:6:MX_TIM4_Init	32	static
../Core/Src/tim.c:181:6:MX_TIM11_Init	8	static
../Core/Src/tim.c:207:6:HAL_TIM_PWM_MspInit	24	static
../Core/Src/tim.c:234:6:HAL_TIM_IC_MspInit	48	static
../Core/Src/tim.c:269:6:HAL_TIM_Base_MspInit	24	static
../Core/Src/tim.c:284:6:HAL_TIM_MspPostInit	48	static
../Core/Src/tim.c:333:6:HAL_TIM_PWM_MspDeInit	16	static
../Core/Src/tim.c:360:6:HAL_TIM_IC_MspDeInit	16	static
../Core/Src/tim.c:387:6:HAL_TIM_Base_MspDeInit	16	static
